// Jest Snapshot v1, https://goo.gl/fbAQLP

exports[`Button component test suite Should match snapshot 1`] = `
<div>
  <button
    class="sc-bgqQcB iqnJhc"
    type="button"
  >
    Button text
  </button>
</div>
`;
