// Jest Snapshot v1, https://goo.gl/fbAQLP

exports[`Search results component test suite Should match snapshot 1`] = `
{
  "asFragment": [Function],
  "baseElement": <body>
    <div>
      <div
        class="sc-dicizt fDjvmk"
      >
        <ul
          class="search-result__list"
        >
          <li
            class="sc-gTRrQi gGrCkx"
          >
            <img
              alt="Default book cover"
              class="sc-bgqQcB ccLtkH book-cover"
              src="https://covers.openlibrary.org/b/id/5678-M.jpg"
            />
            <div
              class="book-card__info"
            >
              Title test (1984)
              <p
                class="book-card__author"
              >
                Author name test
              </p>
              <p
                class="book-card__publisher"
              >
                Publisher example
              </p>
              <a
                href="https://www.amazon.es/s?k=Title test+Author name test"
                target="_blank"
              >
                Search on amazon
              </a>
            </div>
          </li>
        </ul>
        <button
          class="sc-ewnqHT ctMhSl"
          type="button"
        >
          Load more
        </button>
      </div>
    </div>
  </body>,
  "container": <div>
    <div
      class="sc-dicizt fDjvmk"
    >
      <ul
        class="search-result__list"
      >
        <li
          class="sc-gTRrQi gGrCkx"
        >
          <img
            alt="Default book cover"
            class="sc-bgqQcB ccLtkH book-cover"
            src="https://covers.openlibrary.org/b/id/5678-M.jpg"
          />
          <div
            class="book-card__info"
          >
            Title test (1984)
            <p
              class="book-card__author"
            >
              Author name test
            </p>
            <p
              class="book-card__publisher"
            >
              Publisher example
            </p>
            <a
              href="https://www.amazon.es/s?k=Title test+Author name test"
              target="_blank"
            >
              Search on amazon
            </a>
          </div>
        </li>
      </ul>
      <button
        class="sc-ewnqHT ctMhSl"
        type="button"
      >
        Load more
      </button>
    </div>
  </div>,
  "debug": [Function],
  "findAllByAltText": [Function],
  "findAllByDisplayValue": [Function],
  "findAllByLabelText": [Function],
  "findAllByPlaceholderText": [Function],
  "findAllByRole": [Function],
  "findAllByTestId": [Function],
  "findAllByText": [Function],
  "findAllByTitle": [Function],
  "findByAltText": [Function],
  "findByDisplayValue": [Function],
  "findByLabelText": [Function],
  "findByPlaceholderText": [Function],
  "findByRole": [Function],
  "findByTestId": [Function],
  "findByText": [Function],
  "findByTitle": [Function],
  "getAllByAltText": [Function],
  "getAllByDisplayValue": [Function],
  "getAllByLabelText": [Function],
  "getAllByPlaceholderText": [Function],
  "getAllByRole": [Function],
  "getAllByTestId": [Function],
  "getAllByText": [Function],
  "getAllByTitle": [Function],
  "getByAltText": [Function],
  "getByDisplayValue": [Function],
  "getByLabelText": [Function],
  "getByPlaceholderText": [Function],
  "getByRole": [Function],
  "getByTestId": [Function],
  "getByText": [Function],
  "getByTitle": [Function],
  "queryAllByAltText": [Function],
  "queryAllByDisplayValue": [Function],
  "queryAllByLabelText": [Function],
  "queryAllByPlaceholderText": [Function],
  "queryAllByRole": [Function],
  "queryAllByTestId": [Function],
  "queryAllByText": [Function],
  "queryAllByTitle": [Function],
  "queryByAltText": [Function],
  "queryByDisplayValue": [Function],
  "queryByLabelText": [Function],
  "queryByPlaceholderText": [Function],
  "queryByRole": [Function],
  "queryByTestId": [Function],
  "queryByText": [Function],
  "queryByTitle": [Function],
  "rerender": [Function],
  "unmount": [Function],
}
`;
